Sketch uses 6100 bytes (18%) of program storage space. Maximum is 32256 bytes.
Global variables use 233 bytes (11%) of dynamic memory, leaving 1815 bytes for local variables. Maximum is 2048 bytes.
